// Jest Snapshot v1, https://goo.gl/fbAQLP

exports[`Form component should render 1`] = `
<DocumentFragment>
  <div>
    <main>
      <section
        class="headerComponent"
      >
        <header
          class="headerContainer"
        >
          <a
            class="logotype"
            href="/"
          >
            Netflixroulet
          </a>
          <button
            class="btn default"
            type="button"
          >
            + Add movie
          </button>
        </header>
        <div
          class="contentContainer"
        >
          <h1
            class="header"
          >
            Find Your Movie
          </h1>
          <div
            class="searchContainer"
          >
            <input
              class="searchInput"
              type="text"
              value=""
            />
            <button
              class="btn active"
              type="button"
            >
              Search
            </button>
          </div>
        </div>
      </section>
      <section
        class="filmListContainer"
      >
        <header
          class="headerContainer"
        >
          <ul
            class="filmFilterContainer"
          >
            <li
              class="filterItem"
            >
              <span
                class="link active"
                role="presentation"
              >
                All
              </span>
            </li>
            <li
              class="filterItem"
            >
              <span
                class="link"
                role="presentation"
              >
                Dramma
              </span>
            </li>
            <li
              class="filterItem"
            >
              <span
                class="link"
                role="presentation"
              >
                Action
              </span>
            </li>
            <li
              class="filterItem"
            >
              <span
                class="link"
                role="presentation"
              >
                Oscar
              </span>
            </li>
            <li
              class="filterItem"
            >
              <span
                class="link"
                role="presentation"
              >
                Adventure
              </span>
            </li>
          </ul>
          <div
            class="filmSortContainer"
          >
            <span
              class="title"
            >
              Sort: 
            </span>
            <button
              class="sortBtn"
              type="button"
            >
              Release date
            </button>
          </div>
        </header>
        <p
          class="result"
        >
          <span>
            0
          </span>
           movies count
        </p>
        <main
          class="contentContainer"
        >
          <p
            class="noResult"
          >
            No Movie Found
          </p>
        </main>
      </section>
      <footer
        class="footerCompanent"
      >
        <a
          class="logotype"
          href="/"
        >
          Netflixroulet
        </a>
      </footer>
    </main>
  </div>
</DocumentFragment>
`;

exports[`Form component should render edit form 1`] = `
<DocumentFragment>
  <div>
    <main>
      <section
        class="headerComponent"
      >
        <header
          class="headerContainer"
        >
          <a
            class="logotype"
            href="/"
          >
            Netflixroulet
          </a>
          <button
            class="btn default"
            type="button"
          >
            + Add movie
          </button>
        </header>
        <div
          class="contentContainer"
        >
          <h1
            class="header"
          >
            Find Your Movie
          </h1>
          <div
            class="searchContainer"
          >
            <input
              class="searchInput"
              type="text"
              value=""
            />
            <button
              class="btn active"
              type="button"
            >
              Search
            </button>
          </div>
        </div>
      </section>
      <section
        class="filmListContainer"
      >
        <header
          class="headerContainer"
        >
          <ul
            class="filmFilterContainer"
          >
            <li
              class="filterItem"
            >
              <span
                class="link active"
                role="presentation"
              >
                All
              </span>
            </li>
            <li
              class="filterItem"
            >
              <span
                class="link"
                role="presentation"
              >
                Dramma
              </span>
            </li>
            <li
              class="filterItem"
            >
              <span
                class="link"
                role="presentation"
              >
                Action
              </span>
            </li>
            <li
              class="filterItem"
            >
              <span
                class="link"
                role="presentation"
              >
                Oscar
              </span>
            </li>
            <li
              class="filterItem"
            >
              <span
                class="link"
                role="presentation"
              >
                Adventure
              </span>
            </li>
          </ul>
          <div
            class="filmSortContainer"
          >
            <span
              class="title"
            >
              Sort: 
            </span>
            <button
              class="sortBtn"
              type="button"
            >
              Release date
            </button>
          </div>
        </header>
        <p
          class="result"
        >
          <span>
            0
          </span>
           movies count
        </p>
        <main
          class="contentContainer"
        >
          <p
            class="noResult"
          >
            No Movie Found
          </p>
        </main>
      </section>
      <footer
        class="footerCompanent"
      >
        <a
          class="logotype"
          href="/"
        >
          Netflixroulet
        </a>
      </footer>
    </main>
  </div>
</DocumentFragment>
`;
